// Jest Snapshot v1, https://goo.gl/fbAQLP

exports[`Players renders the the two players 1`] = `
<div>
  <div
    className="player-0-panel active null"
  >
    <div
      className="player-name"
      id="name-0"
    >
      Player 
      1
    </div>
    <div
      className="player-score player-score-right"
      id="score-0"
    >
      0
    </div>
    <div
      className="player-current-box"
    >
      <div
        className="player-current-label"
      >
        Current
      </div>
      <div
        className="player-current-score"
        id="current-0"
      >
        0
      </div>
    </div>
  </div>
  <div
    className="player-1-panel null null"
  >
    <div
      className="player-name"
      id="name-1"
    >
      Player 
      2
    </div>
    <div
      className="player-score player-score-left"
      id="score-1"
    >
      0
    </div>
    <div
      className="player-current-box"
    >
      <div
        className="player-current-label"
      >
        Current
      </div>
      <div
        className="player-current-score"
        id="current-1"
      >
        0
      </div>
    </div>
  </div>
</div>
`;
